2026-09-14 15:05:35.138 xcodebuild[69934:7308087]  DVTFilePathFSEvents: Failed to start fs event stream.
2026-09-14 15:05:35.958 xcodebuild[69934:7308086] CoreSimulatorService connection became invalid.  Simulator services will no longer be available.
Command line invocation:
    /Applications/Xcode.app/Contents/Developer/usr/bin/xcodebuild test -project Advent.xcodeproj -scheme Advent -destination platform=macOS,arch=arm64 -parallel-testing-enabled NO

2026-09-14 15:05:36.034 xcodebuild[69934:7308079] [MT] DVTAssertions: Warning in DVTFrameworks/DVTFoundation/FileTypes/DVTFileDataTypeDetection.m:80
Details:  detectedTypeIdentifier (com.apple.xml-property-list) does not conform to matchedTypeIdentifier in MagicFileDataTypeDetector extenson com.apple.property-list. When both are specified, this conformance is required unless overridden by setting allowNonInheritance. extension.identifier:Xcode.MagicFileDataTypeDetector.XMLPlist
Object:   <DVTFileDataTypeDetectionMagicCache: 0x7ac67a7e40>
Method:   -initWithExtension:
Thread:   <_NSMainThread: 0x10330d2b0>{number = 1, name = main}
Please file a bug at https://feedbackassistant.apple.com with this warning message and any useful information you can provide.
2026-09-14 15:05:36.038 xcodebuild[69934:7308079] [MT] DVTAssertions: Warning in DVTFrameworks/DVTFoundation/FileTypes/DVTFileDataTypeDetection.m:80
Details:  detectedTypeIdentifier (com.apple.binary-property-list) does not conform to matchedTypeIdentifier in MagicFileDataTypeDetector extenson com.apple.property-list. When both are specified, this conformance is required unless overridden by setting allowNonInheritance. extension.identifier:Xcode.MagicFileDataTypeDetector.BinaryPlist
Object:   <DVTFileDataTypeDetectionMagicCache: 0x7ac545a460>
Method:   -initWithExtension:
Thread:   <_NSMainThread: 0x10330d2b0>{number = 1, name = main}
Please file a bug at https://feedbackassistant.apple.com with this warning message and any useful information you can provide.
2026-09-14 15:05:36.041 xcodebuild[69934:7308086] Logging connecton invalid: <OS_xpc_error: <dictionary: 0x1fbc80b60> { count = 1, transaction: 0, voucher = 0x0, contents =
	"XPCErrorDescription" => <string: 0x1fbc80ca0> { string cache = 0x0, length = 18, contents = "Connection invalid" }
}>
2026-09-14 15:05:36.042 xcodebuild[69934:7308086] Error opening log file (/Users/janwillem/Library/Logs/CoreSimulator/CoreSimulator.com.apple.dt.xcodebuild.log): Operation not permitted
[-[SimServiceContext initWithDeveloperDir:connectionType:error:]:499] WARN  : Unable to discover any Simulator runtimes. Developer Directory is /Applications/Xcode.app/Contents/Developer.
[-[SimDiskImageManager _onQueue_checkConnection:]:239] ERROR : simdiskimaged returned error (invalid), marking disconnected.
[-[SimDiskImageManager init]:175] ERROR : Could not kickstart simdiskimaged; SimDiskImageManager services will not be available: Error Domain=NSPOSIXErrorDomain Code=53 "Software caused connection abort" UserInfo={NSLocalizedDescription=Error returned in reply from CoreSimulatorService: Connection invalid}
[-[SimServiceContext initWithDeveloperDir:connectionType:error:]_block_invoke:556] ERROR : Could not get list of trusted mount directories: Error Domain=com.apple.CoreSimulator.SimError Code=409 "Cannot talk to the service used to manage runtime disk images (simdiskimaged) because its launchd job is not registered or was unloaded" UserInfo={NSLocalizedDescription=Cannot talk to the service used to manage runtime disk images (simdiskimaged) because its launchd job is not registered or was unloaded}
[-[SimDiskImageManager _onQueue_checkConnection:]:219] ERROR : simdiskimaged connection is currently unavailable because connection became invalid
[-[SimServiceContext sendRequest:reply:error:]:1982] ERROR : Unable to deliver request ({
    request = "notification_subscription";
    "set_path" = "/Users/janwillem/Library/Developer/CoreSimulator/Devices";
}) because we are not connected to CoreSimulatorService.
2026-09-14 15:05:36.042 xcodebuild[69934:7308120] Error Domain=NSPOSIXErrorDomain Code=61 "Connection refused" UserInfo={NSLocalizedDescription=CoreSimulatorService connection became invalid.  Simulator services will no longer be available.}
[-[SimServiceContext sendRequest:reply:error:]:1982] ERROR : Unable to deliver request ({
    request = "notification_subscription";
    "set_path" = "/Users/janwillem/Library/Developer/CoreSimulator/Devices";
}) because we are not connected to CoreSimulatorService.
2026-09-14 15:05:36.044 xcodebuild[69934:7308120]  iOSSimulator: [SimServiceContext defaultDeviceSetWithError:] returned nil (Error Domain=NSPOSIXErrorDomain Code=61 "Connection refused" UserInfo={NSLocalizedFailureReason=Failed to subscribe to notifications from CoreSimulatorService., NSLocalizedDescription=Failed to initialize simulator device set., NSUnderlyingError=0x7ac595c330 {Error Domain=NSPOSIXErrorDomain Code=61 "Connection refused" UserInfo={NSLocalizedDescription=CoreSimulatorService connection became invalid.  Simulator services will no longer be available.}}}). Simulator device support disabled.
2026-09-14 15:05:36.044 xcodebuild[69934:7308087] Error Domain=NSPOSIXErrorDomain Code=61 "Connection refused" UserInfo={NSLocalizedDescription=CoreSimulatorService connection became invalid.  Simulator services will no longer be available.}
2026-09-14 15:05:36.045 xcodebuild[69934:7308087]  IDESimulatorAvailability: startObservingSimulatorUpdates() FAILED to register SimDeviceSet observer
Resolve Package Graph
2026-09-14 15:05:36.295 xcodebuild[69934:7308121]  IDELogStore: Unable to remove item at path /Users/janwillem/Library/Developer/Xcode/DerivedData/Advent-ctnlmtxiyxptaedefnxgsxptokfx/Logs/Test/Test-Advent-2026.09.14_13-17-48-+0200.xcresult: Error Domain=NSCocoaErrorDomain Code=513 "“Test-Advent-2026.09.14_13-17-48-+0200.xcresult” couldn’t be removed because you don’t have permission to access it." UserInfo={NSUserStringVariant=(
    Remove
), NSFilePath=/Users/janwillem/Library/Developer/Xcode/DerivedData/Advent-ctnlmtxiyxptaedefnxgsxptokfx/Logs/Test/Test-Advent-2026.09.14_13-17-48-+0200.xcresult, NSURL=file:///Users/janwillem/Library/Developer/Xcode/DerivedData/Advent-ctnlmtxiyxptaedefnxgsxptokfx/Logs/Test/Test-Advent-2026.09.14_13-17-48-+0200.xcresult, NSUnderlyingError=0x7ac542d740 {Error Domain=NSPOSIXErrorDomain Code=1 "Operation not permitted"}}

Package: swift-collections

Package: swift-syntax

Package: unknown

2026-09-14 15:05:36.605 xcodebuild[69934:7308079] Writing error result bundle to /var/folders/bg/t20_gl712tj3g9tx5yn730740000gn/T/ResultBundle_2026-14-09_15-05-0036.xcresult
xcodebuild: error: Could not resolve package dependencies:
  <unknown>:0: error: cannot open file '/Users/janwillem/Library/Caches/org.swift.swiftpm/manifests/ManifestLoading/swift-collections.dia' for diagnostics emission (Operation not permitted)
  <unknown>:0: error: cannot open file '/Users/janwillem/Library/Caches/org.swift.swiftpm/manifests/ManifestLoading/swift-syntax.dia' for diagnostics emission (Operation not permitted)
  <unknown>:0: error: cannot open file '/Users/janwillem/Library/Caches/org.swift.swiftpm/manifests/ManifestLoading/swift-collections.dia' for diagnostics emission (Operation not permitted)

